
> LWSRH - LoveWorld Singers Rehearsal Hub@0.1.0 build
> next build --turbopack

   Γû▓ Next.js 15.5.7 (Turbopack)
   - Environments: .env.local
   - Experiments (use with caution):
     Γ£ô optimizeCss
     ┬╖ optimizePackageImports

   Creating an optimized production build ...
 Γ£ô Finished writing to disk in 346ms
 Γ£ô Compiled successfully in 13.3s
   Linting and checking validity of types ...
   Collecting page data ...
